// Jest Snapshot v1, https://goo.gl/fbAQLP

exports[`DropzoneInput should render properly 1`] = `
<div>
  <form>
    <fieldset
      class=""
    >
      <div
        class="flex flex-col"
      >
        <label
          class="text-sm font-medium text-foreground"
          for="fileInput"
        >
          Upload File
        </label>
        <div
          class="relative mt-1.5"
        >
          <div
            class="block w-full cursor-pointer rounded-md border border-dashed border-border bg-transparent px-6 py-10 ring-0"
            name="fileInput"
            role="presentation"
            value=""
          >
            <div
              class="flex flex-col items-center justify-center"
            >
              <svg
                class="mb-5 opacity-80"
                fill="none"
                height="50"
                stroke="currentColor"
                stroke-linecap="round"
                stroke-linejoin="round"
                stroke-width="1"
                viewBox="0 0 24 24"
                width="50"
                xmlns="http://www.w3.org/2000/svg"
              >
                <rect
                  height="18"
                  rx="2"
                  ry="2"
                  width="18"
                  x="3"
                  y="3"
                />
                <circle
                  cx="9"
                  cy="9"
                  r="2"
                />
                <path
                  d="m21 15-3.086-3.086a2 2 0 0 0-2.828 0L6 21"
                />
              </svg>
              <div>
                <button
                  class="text-indigo-600"
                  type="button"
                >
                  Click here to upload a file
                </button>
                 
                or drag and drop
              </div>
              <input
                accept="image/*"
                id="fileInput"
                multiple=""
                style="display: none;"
                tabindex="-1"
                type="file"
              />
            </div>
          </div>
        </div>
      </div>
    </fieldset>
  </form>
</div>
`;
